// Jest Snapshot v1, https://goo.gl/fbAQLP

exports[`Properties renders as expected 1`] = `
<DocumentFragment>
  <div
    class="AddProperty"
  >
    <form>
      <button
        data-testid="submit-button"
        type="submit"
      >
        Add
      </button>
    </form>
  </div>
</DocumentFragment>
`;
