// Jest Snapshot v1, https://goo.gl/fbAQLP

exports[`App renders as expected 1`] = `
<DocumentFragment>
  <div
    class="App"
  >
    <div
      class="navbar"
    >
      <img
        alt="Logo"
        data-testid="logo"
        src="logo.png"
      />
      <div
        class="navbar-links"
      >
        <ul>
          <li
            class="navbar-links-item"
            data-testid="nav-link-1"
          >
            <a
              class="link"
              href="/"
            >
              View properties
            </a>
          </li>
          <li
            class="navbar-links-item"
            data-testid="nav-link-2"
          >
            <a
              class="link"
              href="/add-property"
            >
              Add a property
            </a>
          </li>
        </ul>
      </div>
    </div>
    <div
      class="properties"
    />
    <h2>
      Property App
    </h2>
  </div>
</DocumentFragment>
`;
