// Jest Snapshot v1, https://goo.gl/fbAQLP

exports[`PropertyCard renders as expected 1`] = `
<DocumentFragment>
  <div
    class="property-card"
  >
    <div
      class="property-card-title"
    >
      Example property text
    </div>
    <div
      class="property-card-type"
    >
      Cottage
    </div>
    <div
      class="property-card-bedrooms"
      data-testid="property-card-bedrooms"
    >
      3
    </div>
    <div
      class="property-card-bathrooms"
      data-testid="property-card-bathrooms"
    >
      2
    </div>
    <div
      class="property-card-price"
      data-testid="property-card-price"
    >
      300000
    </div>
    <div
      class="property-card-city"
    >
      Manchester
    </div>
    <div
      class="property-card-email"
    >
      email@address.com
    </div>
  </div>
</DocumentFragment>
`;
